// Jest Snapshot v1, https://goo.gl/fbAQLP

exports[`layout 1`] = `
Object {
  "overrides": Array [
    Object {
      "env": Object {
        "jest/globals": true,
      },
      "extends": Array [
        "plugin:jest/all",
      ],
      "files": Array [
        "**/__tests__/**/*.[jt]s?(x)",
        "**/?(*.)+(spec|test).[jt]s?(x)",
      ],
      "overrides": Array [
        Object {
          "files": Array [
            "*.js?(x)",
          ],
          "rules": Object {
            "jest/unbound-method": "off",
          },
        },
        Object {
          "files": Array [
            "*.ts?(x)",
          ],
          "rules": Object {
            "@typescript-eslint/unbound-method": "off",
          },
        },
      ],
      "plugins": Array [
        "jest",
      ],
      "rules": Object {
        "jest/consistent-test-it": Array [
          "error",
          Object {
            "withinDescribe": "test",
          },
        ],
        "jest/max-expects": "off",
        "jest/no-disabled-tests": "warn",
        "jest/no-focused-tests": "error",
        "jest/no-hooks": Array [
          "error",
          Object {
            "allow": Array [
              "afterEach",
              "beforeEach",
            ],
          },
        ],
        "jest/no-large-snapshots": Array [
          "error",
          Object {
            "inlineMaxSize": 50,
            "maxSize": Infinity,
          },
        ],
        "jest/prefer-lowercase-title": Array [
          "error",
          Object {
            "ignore": Array [
              "describe",
              "test",
            ],
          },
        ],
        "jest/prefer-snapshot-hint": "off",
        "jest/require-top-level-describe": "off",
      },
    },
  ],
}
`;
